[09/19/2025 09:44:58] Starting Get-UserSessionsParallel for AU 966, User marc.yap
[09/19/2025 09:45:03] Get-UserSessionsParallel completed: Found 0 sessions
[09/19/2025 09:45:03] Starting ListADUsersAndCheckLogon for AU 966
[09/19/2025 09:45:03] User selected: marc.yap
[09/19/2025 09:45:03] Starting Get-UserSessionsParallel for AU 966, User marc.yap
[09/19/2025 09:45:07] Get-UserSessionsParallel completed: Found 0 sessions
[09/19/2025 09:45:07] No active sessions; falling back to User-LogonCheck
[09/19/2025 09:45:07] Error in ListADUsersAndCheckLogon: Missing an argument for parameter 'SkipPropertiesDisplay'. Specify a parameter of type 'System.Object' and try again.
[09/19/2025 09:45:45] Starting Get-UserSessionsParallel for AU 966, User richard.sanmateo
[09/19/2025 09:45:50] Get-UserSessionsParallel completed: Found 0 sessions
[09/19/2025 09:45:50] Starting ListADUsersAndCheckLogon for AU 966
[09/19/2025 09:45:50] User selected: marc.yap
[09/19/2025 09:45:50] Starting Get-UserSessionsParallel for AU 966, User marc.yap
[09/19/2025 09:45:53] Get-UserSessionsParallel completed: Found 0 sessions
[09/19/2025 09:45:53] No active sessions; falling back to User-LogonCheck
[09/19/2025 09:45:53] Error in ListADUsersAndCheckLogon: Missing an argument for parameter 'SkipPropertiesDisplay'. Specify a parameter of type 'System.Object' and try again.
[09/19/2025 09:46:47] Starting Get-UserSessionsParallel for AU 966, User heather.elliott
[09/19/2025 09:46:50] Get-UserSessionsParallel completed: Found 1 sessions
[09/19/2025 09:46:50] Starting ListADUsersAndCheckLogon for AU 966
[09/19/2025 09:46:50] User selected: marc.yap
[09/19/2025 09:46:50] Starting Get-UserSessionsParallel for AU 966, User marc.yap
[09/19/2025 09:46:53] Get-UserSessionsParallel completed: Found 0 sessions
[09/19/2025 09:46:53] No active sessions; falling back to User-LogonCheck
[09/19/2025 09:46:53] Error in ListADUsersAndCheckLogon: Missing an argument for parameter 'SkipPropertiesDisplay'. Specify a parameter of type 'System.Object' and try again.
[09/19/2025 09:48:19] Starting Get-UserSessionsParallel for AU 966, User heather.elliott
[09/19/2025 09:48:22] Get-UserSessionsParallel completed: Found 1 sessions
[09/19/2025 09:48:22] Starting ListADUsersAndCheckLogon for AU 966
[09/19/2025 09:48:22] User selected: marc.yap
[09/19/2025 09:48:22] Starting Get-UserSessionsParallel for AU 966, User marc.yap
[09/19/2025 09:48:27] Get-UserSessionsParallel completed: Found 0 sessions
[09/19/2025 09:48:27] No active sessions; falling back to User-LogonCheck
[09/19/2025 09:49:36] Starting Get-UserSessionsParallel for AU 966, User heather.elliott
[09/19/2025 09:49:40] Get-UserSessionsParallel completed: Found 1 sessions
[09/19/2025 09:49:40] Starting ListADUsersAndCheckLogon for AU 966
[09/19/2025 09:49:40] User selected: marc.yap
[09/19/2025 09:49:40] Starting Get-UserSessionsParallel for AU 966, User marc.yap
[09/19/2025 09:49:43] Get-UserSessionsParallel completed: Found 1 sessions
[09/19/2025 09:49:43] Active sessions: 1
[09/19/2025 09:49:43] Mock: Launched Shadow RDP for marc.yap on h0966-ns1 (Session 154)
[09/19/2025 09:59:06] Starting Get-UserSessionsParallel for AU 966, User heather.elliott
[09/19/2025 09:59:10] Get-UserSessionsParallel completed: Found 1 sessions
[09/19/2025 09:59:10] Starting ListADUsersAndCheckLogon for AU 966
[09/19/2025 09:59:10] User selected: marc.yap
[09/19/2025 09:59:10] Starting Get-UserSessionsParallel for AU 966, User marc.yap
[09/19/2025 09:59:12] Get-UserSessionsParallel completed: Found 1 sessions
[09/19/2025 09:59:12] No active sessions; falling back to User-LogonCheck
[09/19/2025 09:59:44] Starting Get-UserSessionsParallel for AU 966, User heather.elliott
[09/19/2025 09:59:47] Get-UserSessionsParallel completed: Found 1 sessions
[09/19/2025 09:59:47] Starting ListADUsersAndCheckLogon for AU 966
[09/19/2025 09:59:47] User selected: marc.yap
[09/19/2025 09:59:47] Starting Get-UserSessionsParallel for AU 966, User marc.yap
[09/19/2025 09:59:50] Get-UserSessionsParallel completed: Found 1 sessions
[09/19/2025 09:59:50] Active sessions: 1
[09/19/2025 09:59:50] Launched VNC for marc.yap on h0966-ns1
